@addresses_from "00050000-10184D00"

/* Bson */
    // Bson::Bson()
    _ZN4BsonC1Ev = 0x02Bb82B34;
    // Bson::~Bson()
    _ZN4BsonD1Ev = 0x02B82BF8;
    // Bson::GetIntFromRoot(char const*, int) const
    _ZNK4Bson14GetIntFromRootEPKci = 0x02B833A8;
    // Bson::GetStringFromRoot(char const*, char const*) const
    _ZNK4Bson17GetStringFromRootEPKcS1_ = 0x02B83290;
    // Bson::ParseFromFileInfo(gfl::ResFileObject const&)
    _ZN4Bson17ParseFromFileInfoERKN3gfl13ResFileObjectE = 0x02B82E10;

/* C STL */
    ceilf = 0x02D072BC;

/* G */
    // GetCategoryByObjectID(ObjectID)
    _Z21GetCategoryByObjectID8ObjectID = 0x02818428;

    // GetObjectIDByCategoryAndLocalID(YsGameObj::ObjectCategory, unsigned int)
    _Z31GetObjectIDByCategoryAndLocalIDN9YsGameObj14ObjectCategoryEj  = 0x028184AC;

/* Game */
    // Game::Run()
    _ZN4Game3RunEv = 0x02BBE37C;

/* GameManager */
    // GameManager::sInstance
    _ZN11GameManager9sInstanceE = 0x102A7714;

    // GameManager::GetNumPlayers() const
    _ZNK11GameManager13GetNumPlayersEv = 0x02118518;

    // GameManager::GetObjectManager() const
    _ZNK11GameManager16GetObjectManagerEv = 0x021185A0;

    // GameManager::GetPlayer(unsigned long) const
    _ZNK11GameManager9GetPlayerEm = 0x020077F8;

/* gfl */
    // gfl::Alloc(gfl::HeapID, unsigned long, unsigned long)
    _ZN3gfl5AllocENS_6HeapIDEmm = 0x02BBF7A0;

    // gfl::Free(void*)
    _ZN3gfl4FreeEPv = 0x02BBF9F8;

    /* gfl::ResArchivedFileInfo */
        // gfl::ResArchivedFileInfo::OpenFileFromArchive(char const*, unsigned int)
        _ZN3gfl19ResArchivedFileInfo19OpenFileFromArchiveEPKcj = 0x02bcc534;

    /* gfl::ResFileObject */
        // gfl::ResFileObject::GetFilesize() const
        _ZNK3gfl13ResFileObject11GetFilesizeEv = 0x0217C818;

/* Operator New/Delete */
    // operator new(unsigned long)
    _Znwm = 0x02BC0D7C;
    // operator new[](unsigned long)
    _Znam = 0x02BC0D7C;
    // operator delete(void*)
    _ZdlPv = 0x02BC0DD4;
    // operator delete[](void*)
    _ZdaPv = 0x02BC0DD4;

/* Player */
    // Player::GetPlEggCtrl() const
    _ZNK6Player12GetPlEggCtrlEv = 0x028EEF1C;

/* PlEggCtrl */
    // PlEggCtrl::GetNumAttachedYarnBalls() const
    _ZNK9PlEggCtrl23GetNumAttachedYarnBallsEv = 0x0291BC6C;

/* R */
    // RegisterGimmickProfile(char const*, ObjectID, GimmickID, void (*)(GimmickProfile*, char const*, unsigned int, unsigned int))
    _Z22RegisterGimmickProfilePKc8ObjectID9GimmickIDPFvP14GimmickProfileS0_jjE = 0x02167B9C;
